[{"date":"2022-12-08T10:21:18.087Z","text":"{\"code\":5,\"text\":\"Организация не имеет доступа к некоторым из указанных касс\"}","point":"getData"}]